<html>
<body>
<pre>
<h1>µVision Build Log</h1>
<h2>Tool Versions:</h2>
IDE-Version: ¦ÌVision V5.14.0.0
Copyright (C) 2015 ARM Ltd and ARM Germany GmbH. All rights reserved.
License Information: jhkgh Microsoft, Microsoft, LIC=LJWDY-IWENG-VH287-EIM1A-IDFA8-TUKFQ
 
Tool Versions:
Toolchain:       MDK-ARM Professional  Version: 5.14.0.0
Toolchain Path:  F:\keil\ARM\ARMCC\Bin
C Compiler:      Armcc.exe V5.05 update 1 (build 106)
Assembler:       Armasm.exe V5.05 update 1 (build 106)
Linker/Locator:  ArmLink.exe V5.05 update 1 (build 106)
Library Manager: ArmAr.exe V5.05 update 1 (build 106)
Hex Converter:   FromElf.exe V5.05 update 1 (build 106)
CPU DLL:         SARMCM3.DLL V5.14.0.0
Dialog DLL:      DCM.DLL V1.13.1.0
Target DLL:      Segger\JL2CM3.dll V2.99.13.0
Dialog DLL:      TCM.DLL V1.14.4.0
 
<h2>Project:</h2>
C:\Users\Administrator\Documents\GitHub\p\carry_robot\MDK-ARM\carry_robot.uvprojx
Project File Date:  10/07/2018

<h2>Output:</h2>
Build target 'carry_robot'
compiling main.c...
compiling gpio.c...
compiling freertos.c...
../Src/freertos.c(125): warning:  #223-D: function "printf" declared implicitly
                printf("\n\n");
../Src/freertos.c: 1 warning, 0 errors
compiling usart.c...
compiling stm32f4xx_it.c...
compiling stm32f4xx_hal_msp.c...
compiling rbc_lcd.c...
compiling bsp.c...
compiling Pixy_Camera.c...
compiling fuzzy_pid.c...
compiling pid.c...
..\Moudle\pid.c(138): warning:  #1035-D: single-precision operand implicitly converted to double-precision
      ec = (pid->err[NOW] - pid->err[LAST]) / 0.005; 
..\Moudle\pid.c: 1 warning, 0 errors
compiling run_task.c...
compiling display_task.c...
assembling startup_stm32f407xx.s...
compiling stm32f4xx_hal_tim.c...
compiling stm32f4xx_hal_tim_ex.c...
compiling stm32f4xx_hal_uart.c...
compiling stm32f4xx_hal_rcc.c...
compiling stm32f4xx_hal_rcc_ex.c...
compiling stm32f4xx_hal_flash.c...
compiling stm32f4xx_hal_flash_ex.c...
compiling stm32f4xx_hal_flash_ramfunc.c...
compiling stm32f4xx_hal_gpio.c...
compiling stm32f4xx_hal_dma_ex.c...
compiling stm32f4xx_hal_dma.c...
compiling stm32f4xx_hal_pwr.c...
compiling stm32f4xx_hal_pwr_ex.c...
compiling stm32f4xx_hal_cortex.c...
compiling stm32f4xx_hal.c...
compiling heap_4.c...
compiling port.c...
compiling croutine.c...
compiling event_groups.c...
compiling list.c...
compiling queue.c...
compiling tasks.c...
compiling timers.c...
compiling cmsis_os.c...
compiling system_stm32f4xx.c...
linking...
Program Size: Code=10032 RO-data=2040 RW-data=184 ZI-data=16864  
FromELF: creating hex file...
"carry_robot\carry_robot.axf" - 0 Error(s), 2 Warning(s).

<h2>Software Packages used:</h2>

Package Vendor: ARM
                http://www.keil.com/pack/ARM.CMSIS.4.2.0.pack
                ARM::CMSIS:CORE:3.40.0
                CMSIS (Cortex Microcontroller Software Interface Standard)
   * Component: CORE Version: 3.40.0

<h2>Collection of Component include folders:</h2>
  C:\Users\Administrator\Documents\GitHub\p\carry_robot\MDK-ARM\RTE
  F:\keil\ARM\PACK\ARM\CMSIS\4.2.0\CMSIS\Include
  F:\keil\ARM\PACK\Keil\STM32F4xx_DFP\2.5.0

<h2>Collection of Component Files used:</h2>

   * Component: ARM::CMSIS:CORE:3.40.0
      Source file:   CMSIS\UserCodeTemplates\ARM\ITM_Retarget.c
</pre>
</body>
</html>
